// Jest Snapshot v1, https://goo.gl/fbAQLP

exports[`ChampionTips.vue matches the snapshot 1`] = `"<!--v-if-->"`;
